// Jest Snapshot v1, https://goo.gl/fbAQLP

exports[`It renders main page without crashing. 1`] = `
<div
  className="tc"
>
  <Header />
  <SearchBox />
  <Scroll>
    <ErrorBoundary>
      <CardList
        robots={
          Array [
            Object {
              "email": "Sincere@april.biz",
              "id": 1,
              "name": "Leanne Graham",
              "username": "Bret",
            },
            Object {
              "email": "Nathan@yesenia.net",
              "id": 3,
              "name": "Clementine Bauch",
              "username": "Samantsha",
            },
            Object {
              "email": "Julianne.OConner@kory.org",
              "id": 4,
              "name": "Patricia Lebsack",
              "username": "Karianne",
            },
            Object {
              "email": "Telly.Hoeger@billy.biz",
              "id": 7,
              "name": "Kurtis Weissnat",
              "username": "Elwyn.Skiles",
            },
            Object {
              "email": "Sherwood@rosamond.me",
              "id": 8,
              "name": "Nicholas Runolfsdottir V",
              "username": "Maxime_Nienow",
            },
            Object {
              "email": "Chaim_McDermott@dana.io",
              "id": 9,
              "name": "Glenna Reichert",
              "username": "Delphine",
            },
            Object {
              "email": "Rey.Padberg@karina.biz",
              "id": 10,
              "name": "Clementina DuBuque",
              "username": "Moriah.Stanton",
            },
          ]
        }
      />
    </ErrorBoundary>
  </Scroll>
</div>
`;
