// Jest Snapshot v1, https://goo.gl/fbAQLP

exports[`expect to render Card component 1`] = `
<div
  style={
    Object {
      "border": "5px solid black",
      "height": "450px",
      "overflow": "scroll",
    }
  }
/>
`;
